// Jest Snapshot v1, https://goo.gl/fbAQLP

exports[`Snapshot Testing -- BooksList Test to see if component works as expected 1`] = `
<div>
  Loading...
</div>
`;
